<html>
<body>
<pre>
<h1>µVision Build Log</h1>
<h2>Tool Versions:</h2>
IDE-Version: ¦ÌVision V5.41.0.0
Copyright (C) 2024 ARM Ltd and ARM Germany GmbH. All rights reserved.
License Information: Hua Yuan, NJU, LIC=KRMW3-ADVUP-PCZJ8-330FJ-LU2X2-M14L1
 
Tool Versions:
Toolchain:       MDK-ARM Plus  Version: 5.41.0.0
Toolchain Path:  D:\DevApp\KeilMDK\Core\ARM\ARMCLANG\Bin
C Compiler:      ArmClang.exe V6.22
Assembler:       Armasm.exe V6.22
Linker/Locator:  ArmLink.exe V6.22
Library Manager: ArmAr.exe V6.22
Hex Converter:   FromElf.exe V6.22
CPU DLL:         SARMCM3.DLL V5.41.0.0
Dialog DLL:      DCM.DLL V1.17.5.0
Target DLL:      CMSIS_AGDI.dll V1.33.21.0
Dialog DLL:      TCM.DLL V1.56.4.0
 
<h2>Project:</h2>
E:\03_Project\NUEDC\ALLin\MDK-ARM\MX.uvprojx
Project File Date:  07/11/2025

<h2>Output:</h2>
*** Using Compiler 'V6.22', folder: 'D:\DevApp\KeilMDK\Core\ARM\ARMCLANG\Bin'
Rebuild target 'MX'
compiling stm32f4xx_hal_timebase_tim.c...
assembling startup_stm32f407xx.s...
compiling dma.c...
compiling freertos.c...
compiling usart.c...
compiling dac.c...
compiling stm32f4xx_it.c...
compiling stm32f4xx_hal_msp.c...
compiling gpio.c...
compiling tim.c...
compiling adc.c...
compiling main.c...
compiling ctiic.c...
compiling ft5206.c...
compiling gt9xxx.c...
compiling stm32f4xx_ll_adc.c...
compiling delay.c...
compiling stm32f4xx_ll_fsmc.c...
compiling stm32f4xx_hal_sram.c...
compiling touch.c...
compiling 24cxx.c...
compiling myiic.c...
compiling stm32f4xx_hal_adc_ex.c...
compiling stm32f4xx_hal_adc.c...
compiling stm32f4xx_hal_rcc_ex.c...
compiling stm32f4xx_hal_rcc.c...
compiling stm32f4xx_hal_flash_ramfunc.c...
compiling stm32f4xx_hal_flash.c...
compiling stm32f4xx_hal_flash_ex.c...
compiling stm32f4xx_hal_gpio.c...
compiling stm32f4xx_hal_pwr.c...
compiling stm32f4xx_hal_pwr_ex.c...
compiling stm32f4xx_hal_dma_ex.c...
compiling stm32f4xx_hal_cortex.c...
compiling stm32f4xx_hal_dma.c...
compiling stm32f4xx_hal.c...
compiling stm32f4xx_hal_exti.c...
compiling stm32f4xx_hal_dac_ex.c...
compiling stm32f4xx_hal_dac.c...
compiling lcd.c...
compiling lv_port_disp.c...
compiling stm32f4xx_hal_tim_ex.c...
compiling lv_disp.c...
compiling lv_port_indev.c...
compiling lv_obj_class.c...
compiling lv_group.c...
compiling lv_event.c...
compiling lv_obj_draw.c...
compiling lv_indev_scroll.c...
compiling lv_indev.c...
compiling stm32f4xx_hal_uart.c...
compiling lv_obj.c...
compiling lv_draw_pxp.c...
compiling lv_draw_pxp_blend.c...
compiling stm32f4xx_hal_tim.c...
compiling lv_gpu_nxp_pxp.c...
compiling lv_obj_style_gen.c...
compiling lv_gpu_arm2d.c...
compiling lv_theme.c...
compiling lv_gpu_nxp_pxp_osa.c...
compiling lv_obj_scroll.c...
compiling lv_obj_tree.c...
compiling lv_draw_vglite.c...
compiling lv_draw_vglite_arc.c...
compiling lv_obj_style.c...
compiling lv_obj_pos.c...
compiling lv_draw_vglite_line.c...
compiling lv_draw_vglite_blend.c...
compiling lv_vglite_buf.c...
compiling lv_draw_vglite_rect.c...
compiling lv_vglite_utils.c...
compiling lv_draw_sdl.c...
compiling lv_draw_sdl_arc.c...
compiling lv_draw_sdl_bg.c...
compiling lv_draw_sdl_composite.c...
compiling lv_gpu_d2_draw_label.c...
compiling lv_refr.c...
compiling lv_gpu_d2_ra6m3.c...
compiling lv_draw_sdl_img.c...
compiling lv_draw_sdl_label.c...
compiling lv_draw_sdl_layer.c...
compiling lv_draw_sdl_line.c...
compiling lv_draw_sdl_mask.c...
compiling lv_draw_sdl_polygon.c...
compiling lv_draw_sdl_rect.c...
compiling lv_draw_sdl_stack_blur.c...
compiling lv_draw_sdl_texture_cache.c...
compiling lv_draw_sdl_utils.c...
compiling lv_gpu_stm32_dma2d.c...
compiling lv_draw_sw.c...
compiling lv_draw_sw_dither.c...
compiling lv_draw_sw_layer.c...
compiling lv_draw_sw_arc.c...
compiling lv_draw_sw_gradient.c...
compiling lv_draw_sw_letter.c...
compiling lv_draw_sw_img.c...
compiling lv_gpu_swm341_dma2d.c...
compiling lv_draw.c...
compiling lv_draw_sw_line.c...
compiling lv_draw_sw_polygon.c...
compiling lv_draw_arc.c...
compiling lv_draw_layer.c...
compiling lv_draw_img.c...
compiling lv_draw_line.c...
compiling lv_draw_label.c...
compiling lv_draw_sw_transform.c...
compiling lv_draw_rect.c...
compiling lv_draw_sw_blend.c...
compiling lv_draw_transform.c...
compiling lv_draw_triangle.c...
compiling lv_img_cache.c...
compiling lv_img_buf.c...
compiling lv_draw_sw_rect.c...
compiling lv_img_decoder.c...
compiling lv_bmp.c...
compiling gifdec.c...
compiling lv_freetype.c...
compiling lv_ffmpeg.c...
compiling lv_fs_fatfs.c...
compiling lv_flex.c...
compiling lv_fs_posix.c...
compiling lv_fs_stdio.c...
compiling lv_fs_win32.c...
compiling lv_grid.c...
compiling lv_draw_mask.c...
compiling lv_gif.c...
compiling lv_png.c...
compiling lodepng.c...
compiling lv_fragment_manager.c...
compiling lv_fragment.c...
compiling tjpgd.c...
compiling lv_qrcode.c...
compiling lv_rlottie.c...
compiling lv_gridnav.c...
compiling lv_sjpg.c...
compiling lv_ime_pinyin.c...
compiling lv_msg.c...
compiling lv_imgfont.c...
compiling lv_snapshot.c...
compiling lv_monkey.c...
compiling lv_theme_basic.c...
compiling lv_calendar_header_arrow.c...
compiling lv_calendar_header_dropdown.c...
compiling lv_animimg.c...
compiling lv_theme_mono.c...
compiling lv_calendar.c...
compiling lv_keyboard.c...
compiling lv_imgbtn.c...
compiling lv_led.c...
compiling lv_list.c...
compiling lv_theme_default.c...
compiling lv_colorwheel.c...
compiling lv_menu.c...
compiling lv_msgbox.c...
compiling lv_spinner.c...
compiling lv_meter.c...
compiling lv_tileview.c...
compiling lv_spinbox.c...
compiling lv_font.c...
compiling lv_win.c...
compiling lv_tabview.c...
compiling lv_extra.c...
compiling lv_chart.c...
compiling lv_font_fmt_txt.c...
compiling lv_font_dejavu_16_persian_hebrew.c...
compiling qrcodegen.c...
compiling lv_span.c...
compiling lv_font_montserrat_8.c...
compiling lv_font_montserrat_10.c...
compiling lv_font_montserrat_12.c...
compiling lv_font_montserrat_12_subpx.c...
compiling lv_font_montserrat_16.c...
compiling lv_font_montserrat_14.c...
compiling lv_font_loader.c...
compiling lv_font_montserrat_18.c...
compiling lv_font_montserrat_22.c...
compiling lv_font_montserrat_20.c...
compiling lv_font_montserrat_24.c...
compiling lv_font_montserrat_26.c...
compiling lv_font_montserrat_28.c...
compiling lv_font_montserrat_28_compressed.c...
compiling lv_font_montserrat_30.c...
compiling lv_font_montserrat_32.c...
compiling lv_font_montserrat_34.c...
compiling lv_font_montserrat_36.c...
compiling lv_font_montserrat_38.c...
compiling lv_font_montserrat_40.c...
compiling lv_font_montserrat_42.c...
compiling lv_font_montserrat_44.c...
compiling lv_font_montserrat_46.c...
compiling lv_font_montserrat_48.c...
compiling lv_font_unscii_8.c...
compiling lv_font_simsun_16_cjk.c...
compiling lv_font_unscii_16.c...
compiling lv_hal_indev.c...
compiling lv_hal_tick.c...
compiling lv_async.c...
compiling lv_anim_timeline.c...
compiling lv_bidi.c...
compiling lv_anim.c...
compiling lv_hal_disp.c...
compiling lv_area.c...
compiling lv_gc.c...
compiling lv_color.c...
compiling lv_log.c...
compiling lv_fs.c...
compiling lv_math.c...
compiling lv_ll.c...
compiling lv_templ.c...
compiling lv_lru.c...
compiling lv_timer.c...
compiling lv_style_gen.c...
compiling lv_mem.c...
compiling lv_style.c...
compiling lv_printf.c...
compiling lv_utils.c...
compiling lv_txt_ap.c...
compiling lv_btn.c...
compiling lv_txt.c...
compiling lv_bar.c...
compiling lv_tlsf.c...
compiling lv_objx_templ.c...
compiling lv_checkbox.c...
compiling lv_arc.c...
compiling lv_line.c...
compiling lv_canvas.c...
compiling lv_btnmatrix.c...
compiling lv_img.c...
compiling lv_dropdown.c...
compiling lv_switch.c...
compiling lv_slider.c...
compiling lv_roller.c...
compiling lv_label.c...
compiling lv_customer_font_arial_16.c...
compiling lv_customer_font_montserratMedium_16.c...
compiling lv_font_arial_16.c...
compiling lv_font_MI_LanTing_Regular_16.c...
compiling lv_font_montserratMedium_12.c...
compiling lv_font_montserratMedium_16.c...
compiling lv_table.c...
compiling lv_textarea.c...
compiling croutine.c...
compiling lv_font_montserratMedium_20.c...
compiling gui_guider.c...
compiling system_stm32f4xx.c...
compiling widgets_init.c...
compiling setup_scr_screen.c...
compiling events_init.c...
compiling event_groups.c...
compiling list.c...
compiling ad9959.c...
compiling heap_4.c...
compiling stream_buffer.c...
compiling timers.c...
compiling port.c...
compiling BayesFunctions.c...
compiling BayesFunctionsF16.c...
compiling queue.c...
compiling BasicMathFunctionsF16.c...
compiling tasks.c...
compiling cmsis_os2.c...
compiling ComplexMathFunctionsF16.c...
compiling ControllerFunctions.c...
compiling CommonTablesF16.c...
compiling DistanceFunctionsF16.c...
compiling FastMathFunctionsF16.c...
compiling ComplexMathFunctions.c...
compiling BasicMathFunctions.c...
compiling InterpolationFunctionsF16.c...
compiling FilteringFunctionsF16.c...
compiling FastMathFunctions.c...
compiling InterpolationFunctions.c...
compiling QuaternionMathFunctions.c...
compiling SVMFunctionsF16.c...
compiling SVMFunctions.c...
compiling DistanceFunctions.c...
compiling StatisticsFunctionsF16.c...
compiling SupportFunctionsF16.c...
compiling CommonTables.c...
compiling MatrixFunctionsF16.c...
compiling SupportFunctions.c...
compiling StatisticsFunctions.c...
compiling TransformFunctionsF16.c...
compiling WindowFunctions.c...
compiling TransformFunctions.c...
compiling MatrixFunctions.c...
compiling FilteringFunctions.c...
linking...
Program Size: Code=287042 RO-data=64406 RW-data=6532 ZI-data=120388  
FromELF: creating hex file...
"MX\MX.axf" - 0 Error(s), 0 Warning(s).

<h2>Software Packages used:</h2>

Package Vendor: ARM
                https://www.keil.com/pack/ARM.CMSIS.6.1.0.pack
                ARM::CMSIS@6.1.0
                CMSIS (Common Microcontroller Software Interface Standard)
   * Component: CORE Version: 6.1.0

Package Vendor: ARM
                https://www.keil.com/pack/ARM.CMSIS-DSP.1.16.2.pack
                ARM::CMSIS-DSP@1.16.2
                CMSIS Embedded Compute Library
   * Component: DSP Variant: Source Version: 1.16.2

Package Vendor: Keil
                https://www.keil.com/pack/Keil.STM32F4xx_DFP.3.0.0.pack
                Keil::STM32F4xx_DFP@3.0.0
                STMicroelectronics STM32F4 Series Device Support

<h2>Collection of Component include folders:</h2>
  ./RTE/_MX
  D:/DevApp/KeilMDK/Pack/ARM/CMSIS-DSP/1.16.2/Include
  D:/DevApp/KeilMDK/Pack/ARM/CMSIS-DSP/1.16.2/PrivateInclude
  D:/DevApp/KeilMDK/Pack/ARM/CMSIS/6.1.0/CMSIS/Core/Include

<h2>Collection of Component Files used:</h2>

   * Component: ARM::CMSIS:CORE@6.1.0
      Include file:  CMSIS/Core/Include/tz_context.h

   * Component: ARM::CMSIS:DSP&Source@1.16.2
      Source file:   Source/BayesFunctions/BayesFunctions.c
      Source file:   Source/CommonTables/CommonTables.c
      Source file:   Source/ComplexMathFunctions/ComplexMathFunctions.c
      Source file:   Source/DistanceFunctions/DistanceFunctions.c
      Source file:   Source/BasicMathFunctions/BasicMathFunctions.c
      Include file:  Include/arm_math.h
      Include file:  Include/arm_const_structs.h
      Source file:   Source/QuaternionMathFunctions/QuaternionMathFunctions.c
      Source file:   Source/ControllerFunctions/ControllerFunctions.c
      Include file:  Include/arm_common_tables.h
      Include file:  Include/arm_common_tables_f16.h
      Include file:  Include/arm_math_f16.h
      Include file:  Include/arm_const_structs_f16.h
      Source file:   Source/SupportFunctions/SupportFunctions.c
      Source file:   Source/InterpolationFunctions/InterpolationFunctions.c
      Source file:   Source/FilteringFunctions/FilteringFunctionsF16.c
      Source file:   Source/FilteringFunctions/FilteringFunctions.c
      Source file:   Source/TransformFunctions/TransformFunctions.c
      Source file:   Source/InterpolationFunctions/InterpolationFunctionsF16.c
      Source file:   Source/ComplexMathFunctions/ComplexMathFunctionsF16.c
      Source file:   Source/StatisticsFunctions/StatisticsFunctions.c
      Source file:   Source/FastMathFunctions/FastMathFunctions.c
      Source file:   Source/SVMFunctions/SVMFunctions.c
      Source file:   Source/TransformFunctions/TransformFunctionsF16.c
      Source file:   Source/SupportFunctions/SupportFunctionsF16.c
      Source file:   Source/MatrixFunctions/MatrixFunctions.c
      Source file:   Source/WindowFunctions/WindowFunctions.c
      Source file:   Source/StatisticsFunctions/StatisticsFunctionsF16.c
      Source file:   Source/CommonTables/CommonTablesF16.c
      Source file:   Source/SVMFunctions/SVMFunctionsF16.c
      Source file:   Source/MatrixFunctions/MatrixFunctionsF16.c
      Source file:   Source/BayesFunctions/BayesFunctionsF16.c
      Source file:   Source/BasicMathFunctions/BasicMathFunctionsF16.c
      Source file:   Source/FastMathFunctions/FastMathFunctionsF16.c
      Source file:   Source/DistanceFunctions/DistanceFunctionsF16.c
Build Time Elapsed:  00:00:14
</pre>
</body>
</html>
